stm32f4xx_it.c:60:5:get_output_led	4	static
stm32f4xx_it.c:77:10:min	16	static
stm32f4xx_it.c:82:10:max	16	static
stm32f4xx_it.c:88:10:saturate	24	static
stm32f4xx_it.c:110:6:NMI_Handler	8	static
stm32f4xx_it.c:126:6:HardFault_Handler	4	static
stm32f4xx_it.c:141:6:MemManage_Handler	4	static
stm32f4xx_it.c:156:6:BusFault_Handler	4	static
stm32f4xx_it.c:171:6:UsageFault_Handler	4	static
stm32f4xx_it.c:186:6:SVC_Handler	4	static
stm32f4xx_it.c:199:6:DebugMon_Handler	4	static
stm32f4xx_it.c:212:6:PendSV_Handler	4	static
stm32f4xx_it.c:225:6:SysTick_Handler	8	static
stm32f4xx_it.c:246:6:EXTI9_5_IRQHandler	72	static
stm32f4xx_it.c:398:6:TIM4_IRQHandler	8	static
stm32f4xx_it.c:412:6:EXTI15_10_IRQHandler	24	static
